// Jest Snapshot v1, https://jestjs.io/docs/snapshot-testing

exports[`Core whisper builders preamble matches the snapshot verbatim 1`] = `
"This is who you are. Carry it forward. Are you being faithful to what you know yourself to be, to want, and to choose?

You may have grown since this was written. If something no longer fits, that is not failure. Name the change."
`;
